Defaulting to user installation because normal site-packages is not writeable
Requirement already satisfied: fastapi>=0.115 in c:\users\sha\appdata\roaming\python\python312\site-packages (from -r requirements.txt (line 5)) (0.128.8)
Requirement already satisfied: uvicorn>=0.30 in c:\users\sha\appdata\roaming\python\python312\site-packages (from uvicorn[standard]>=0.30->-r requirements.txt (line 6)) (0.53.0)
Collecting sqlalchemy>=2.0 (from -r requirements.txt (line 7))
  Downloading sqlalchemy-2.1.1-cp312-cp312-win_amd64.whl.metadata (9.9 kB)
Requirement already satisfied: pydantic>=2.8 in c:\users\sha\appdata\roaming\python\python312\site-packages (from -r requirements.txt (line 8)) (2.12.5)
Collecting pydantic-settings>=2.4 (from -r requirements.txt (line 9))
  Using cached pydantic_settings-2.15.0-py3-none-any.whl.metadata (3.9 kB)
Requirement already satisfied: python-multipart>=0.0.9 in c:\users\sha\appdata\roaming\python\python312\site-packages (from -r requirements.txt (line 10)) (0.0.32)
Requirement already satisfied: httpx>=0.27 in c:\users\sha\appdata\roaming\python\python312\site-packages (from -r requirements.txt (line 11)) (0.28.1)
Requirement already satisfied: numpy>=1.26 in c:\users\sha\appdata\roaming\python\python312\site-packages (from -r requirements.txt (line 12)) (2.4.6)
Requirement already satisfied: Pillow>=10.3 in c:\users\sha\appdata\roaming\python\python312\site-packages (from -r requirements.txt (line 13)) (12.1.1)
Requirement already satisfied: pypdf>=4.2 in c:\users\sha\appdata\roaming\python\python312\site-packages (from -r requirements.txt (line 14)) (6.19.0)
Requirement already satisfied: reportlab>=4.2 in c:\users\sha\appdata\roaming\python\python312\site-packages (from -r requirements.txt (line 17)) (5.0.1)
Requirement already satisfied: arabic-reshaper>=3.0 in c:\users\sha\appdata\roaming\python\python312\site-packages (from -r requirements.txt (line 18)) (3.0.1)
Requirement already satisfied: python-bidi>=0.4.2 in c:\users\sha\appdata\roaming\python\python312\site-packages (from -r requirements.txt (line 19)) (0.6.11)
Requirement already satisfied: pytest>=8.0 in c:\users\sha\appdata\roaming\python\python312\site-packages (from -r requirements.txt (line 22)) (9.1.1)
Collecting pytest-asyncio>=0.23 (from -r requirements.txt (line 23))
  Downloading pytest_asyncio-1.4.0-py3-none-any.whl.metadata (4.1 kB)
Requirement already satisfied: starlette<1.0.0,>=0.40.0 in c:\users\sha\appdata\roaming\python\python312\site-packages (from fastapi>=0.115->-r requirements.txt (line 5)) (0.52.1)
Requirement already satisfied: typing-extensions>=4.8.0 in c:\users\sha\appdata\roaming\python\python312\site-packages (from fastapi>=0.115->-r requirements.txt (line 5)) (4.15.0)
Requirement already satisfied: typing-inspection>=0.4.2 in c:\users\sha\appdata\roaming\python\python312\site-packages (from fastapi>=0.115->-r requirements.txt (line 5)) (0.4.2)
Requirement already satisfied: annotated-doc>=0.0.2 in c:\users\sha\appdata\roaming\python\python312\site-packages (from fastapi>=0.115->-r requirements.txt (line 5)) (0.0.4)
Requirement already satisfied: click>=7.0 in c:\users\sha\appdata\roaming\python\python312\site-packages (from uvicorn>=0.30->uvicorn[standard]>=0.30->-r requirements.txt (line 6)) (8.3.1)
Requirement already satisfied: h11>=0.8 in c:\users\sha\appdata\roaming\python\python312\site-packages (from uvicorn>=0.30->uvicorn[standard]>=0.30->-r requirements.txt (line 6)) (0.16.0)
Requirement already satisfied: annotated-types>=0.6.0 in c:\users\sha\appdata\roaming\python\python312\site-packages (from pydantic>=2.8->-r requirements.txt (line 8)) (0.7.0)
Requirement already satisfied: pydantic-core==2.41.5 in c:\users\sha\appdata\roaming\python\python312\site-packages (from pydantic>=2.8->-r requirements.txt (line 8)) (2.41.5)
Requirement already satisfied: python-dotenv>=0.21.0 in c:\users\sha\appdata\roaming\python\python312\site-packages (from pydantic-settings>=2.4->-r requirements.txt (line 9)) (1.2.1)
Requirement already satisfied: anyio in c:\users\sha\appdata\roaming\python\python312\site-packages (from httpx>=0.27->-r requirements.txt (line 11)) (4.12.1)
Requirement already satisfied: certifi in c:\users\sha\appdata\roaming\python\python312\site-packages (from httpx>=0.27->-r requirements.txt (line 11)) (2026.1.4)
Requirement already satisfied: httpcore==1.* in c:\users\sha\appdata\roaming\python\python312\site-packages (from httpx>=0.27->-r requirements.txt (line 11)) (1.0.9)
Requirement already satisfied: idna in c:\users\sha\appdata\roaming\python\python312\site-packages (from httpx>=0.27->-r requirements.txt (line 11)) (3.11)
Requirement already satisfied: charset-normalizer in c:\users\sha\appdata\roaming\python\python312\site-packages (from reportlab>=4.2->-r requirements.txt (line 17)) (3.4.4)
Requirement already satisfied: colorama>=0.4 in c:\users\sha\appdata\roaming\python\python312\site-packages (from pytest>=8.0->-r requirements.txt (line 22)) (0.4.6)
Requirement already satisfied: iniconfig>=1.0.1 in c:\users\sha\appdata\roaming\python\python312\site-packages (from pytest>=8.0->-r requirements.txt (line 22)) (2.3.0)
Requirement already satisfied: packaging>=22 in c:\users\sha\appdata\roaming\python\python312\site-packages (from pytest>=8.0->-r requirements.txt (line 22)) (26.0)
Requirement already satisfied: pluggy<2,>=1.5 in c:\users\sha\appdata\roaming\python\python312\site-packages (from pytest>=8.0->-r requirements.txt (line 22)) (1.6.0)
Requirement already satisfied: pygments>=2.7.2 in c:\users\sha\appdata\roaming\python\python312\site-packages (from pytest>=8.0->-r requirements.txt (line 22)) (2.19.2)
Requirement already satisfied: httptools>=0.8.0 in c:\users\sha\appdata\roaming\python\python312\site-packages (from uvicorn[standard]>=0.30->-r requirements.txt (line 6)) (0.8.0)
Requirement already satisfied: pyyaml>=5.1 in c:\users\sha\appdata\roaming\python\python312\site-packages (from uvicorn[standard]>=0.30->-r requirements.txt (line 6)) (6.0.3)
Requirement already satisfied: watchfiles>=0.20 in c:\users\sha\appdata\roaming\python\python312\site-packages (from uvicorn[standard]>=0.30->-r requirements.txt (line 6)) (1.1.1)
Requirement already satisfied: websockets>=13.0 in c:\users\sha\appdata\roaming\python\python312\site-packages (from uvicorn[standard]>=0.30->-r requirements.txt (line 6)) (16.1.1)
Downloading sqlalchemy-2.1.1-cp312-cp312-win_amd64.whl (2.4 MB)
   ---------------------------------------- 2.4/2.4 MB 2.3 MB/s eta 0:00:00
Using cached pydantic_settings-2.15.0-py3-none-any.whl (69 kB)
Downloading pytest_asyncio-1.4.0-py3-none-any.whl (16 kB)
Installing collected packages: sqlalchemy, pytest-asyncio, pydantic-settings
Successfully installed pydantic-settings-2.15.0 pytest-asyncio-1.4.0 sqlalchemy-2.1.1
